id: id
str_value: string
float_value: 1.5
int_value: 1
bool_value: true
date_value: '2023-12-17'
datetime_value: '2023-12-17T15:55:44.245441'
posfloat_value: 1.5
posint_value: 2
http_url_value: https://www.google.com/
email_value: max.mustermann@muster.de
bytes_value: this_is_bytes
multiple_primitives:
  - 1.5
  - 1.7
  - 1.9
enum_value: value1
nested_single_obj:
  id: id
  str_value: string
  float_value: 1.5
  int_value: 1
nested_multiple_obj:
  - id: id
    str_value: string
    float_value: 1.5
    int_value: 1
referenced_value: id